# step       rmse_val    rmse_trn    rmse_e_val  rmse_e_trn    rmse_f_val  rmse_f_trn   lr      
# If there is no available reference data, rmse_*_{val,trn} will print nan
      0      1.51e+00    1.52e+00      4.39e-01    4.39e-01      3.60e-02    3.66e-02    1.0e-03
    100      5.07e-01    5.06e-01      1.09e-03    9.55e-04      1.60e-02    1.60e-02    1.0e-03
    200      4.94e-01    5.01e-01      8.10e-03    8.43e-03      1.56e-02    1.58e-02    1.0e-03
    300      4.80e-01    4.80e-01      3.81e-04    4.71e-04      1.52e-02    1.52e-02    1.0e-03
    400      4.78e-01    4.64e-01      3.03e-03    2.61e-03      1.51e-02    1.47e-02    1.0e-03
    500      4.36e-01    4.39e-01      2.25e-03    2.46e-03      1.38e-02    1.39e-02    1.0e-03
    600      4.31e-01    4.24e-01      8.14e-04    4.44e-04      1.36e-02    1.34e-02    1.0e-03
    700      3.85e-01    3.92e-01      1.20e-02    1.21e-02      1.21e-02    1.24e-02    1.0e-03
    800      3.67e-01    3.65e-01      5.58e-03    5.82e-03      1.16e-02    1.15e-02    1.0e-03
    900      3.56e-01    3.60e-01      2.39e-03    2.24e-03      1.13e-02    1.14e-02    1.0e-03
   1000      3.52e-01    3.52e-01      2.25e-03    1.90e-03      1.11e-02    1.11e-02    1.0e-03
   1100      3.38e-01    3.42e-01      4.82e-03    4.78e-03      1.07e-02    1.08e-02    1.0e-03
   1200      3.48e-01    3.51e-01      6.44e-03    6.36e-03      1.10e-02    1.11e-02    1.0e-03
   1300      3.31e-01    3.34e-01      1.33e-02    1.35e-02      1.04e-02    1.05e-02    1.0e-03
   1400      3.35e-01    3.30e-01      8.43e-03    8.78e-03      1.06e-02    1.04e-02    1.0e-03
   1500      3.30e-01    3.20e-01      1.38e-03    6.78e-04      1.04e-02    1.01e-02    1.0e-03
   1600      3.22e-01    3.15e-01      4.31e-03    3.80e-03      1.02e-02    9.96e-03    1.0e-03
   1700      3.16e-01    3.15e-01      1.24e-03    1.43e-03      9.98e-03    9.95e-03    1.0e-03
   1800      3.28e-01    3.32e-01      1.80e-02    1.77e-02      1.03e-02    1.04e-02    1.0e-03
   1900      3.16e-01    3.22e-01      4.37e-03    4.56e-03      1.00e-02    1.02e-02    1.0e-03
   2000      3.14e-01    3.08e-01      1.20e-02    1.20e-02      9.88e-03    9.69e-03    1.0e-03
   2100      3.08e-01    2.95e-01      2.49e-02    2.41e-02      9.59e-03    9.19e-03    1.0e-03
   2200      4.25e-01    4.11e-01      1.30e-03    4.21e-04      1.34e-02    1.30e-02    1.0e-03
   2300      3.90e-01    3.77e-01      2.91e-03    2.31e-03      1.23e-02    1.19e-02    1.0e-03
   2400      3.36e-01    3.44e-01      4.12e-03    4.19e-03      1.06e-02    1.09e-02    1.0e-03
   2500      3.16e-01    3.21e-01      8.00e-04    8.11e-04      9.98e-03    1.02e-02    1.0e-03
   2600      3.06e-01    3.16e-01      7.72e-04    7.14e-04      9.66e-03    1.00e-02    1.0e-03
   2700      3.14e-01    3.14e-01      1.16e-03    2.13e-03      9.92e-03    9.93e-03    1.0e-03
   2800      3.08e-01    3.05e-01      1.14e-03    6.95e-04      9.73e-03    9.63e-03    1.0e-03
   2900      3.10e-01    3.05e-01      5.19e-03    5.45e-03      9.79e-03    9.64e-03    1.0e-03
   3000      2.99e-01    3.05e-01      4.88e-03    4.40e-03      9.46e-03    9.63e-03    1.0e-03
   3100      2.95e-01    3.12e-01      2.96e-03    2.77e-03      9.33e-03    9.85e-03    1.0e-03
   3200      3.02e-01    2.95e-01      4.44e-03    4.86e-03      9.56e-03    9.31e-03    1.0e-03
   3300      2.97e-01    2.82e-01      1.28e-03    1.40e-03      9.39e-03    8.92e-03    1.0e-03
   3400      2.88e-01    2.89e-01      2.02e-03    2.22e-03      9.12e-03    9.15e-03    1.0e-03
   3500      2.86e-01    2.86e-01      3.67e-03    3.98e-03      9.03e-03    9.04e-03    1.0e-03
   3600      2.93e-01    2.90e-01      2.35e-03    2.13e-03      9.25e-03    9.16e-03    1.0e-03
   3700      2.84e-01    2.85e-01      3.35e-03    3.62e-03      8.97e-03    8.99e-03    1.0e-03
   3800      2.85e-01    2.86e-01      1.61e-03    1.64e-03      9.02e-03    9.06e-03    1.0e-03
   3900      2.93e-01    2.93e-01      1.63e-03    9.81e-04      9.25e-03    9.26e-03    1.0e-03
   4000      2.76e-01    2.78e-01      3.18e-03    3.38e-03      8.73e-03    8.79e-03    1.0e-03
   4100      2.81e-01    2.79e-01      3.84e-03    3.94e-03      8.87e-03    8.83e-03    1.0e-03
   4200      2.83e-01    2.88e-01      4.74e-03    4.17e-03      8.94e-03    9.09e-03    1.0e-03
   4300      2.81e-01    2.70e-01      2.49e-03    2.07e-03      8.87e-03    8.52e-03    1.0e-03
   4400      2.74e-01    2.83e-01      3.86e-03    3.39e-03      8.66e-03    8.94e-03    1.0e-03
   4500      2.84e-01    2.78e-01      1.16e-03    1.28e-03      8.97e-03    8.79e-03    1.0e-03
   4600      2.77e-01    2.73e-01      1.96e-03    1.50e-03      8.76e-03    8.63e-03    1.0e-03
   4700      2.71e-01    2.68e-01      3.09e-03    3.44e-03      8.57e-03    8.48e-03    1.0e-03
   4800      2.66e-01    2.64e-01      2.54e-03    2.48e-03      8.42e-03    8.35e-03    1.0e-03
   4900      2.75e-01    2.70e-01      1.79e-03    1.93e-03      8.69e-03    8.53e-03    1.0e-03
   5000      1.64e-01    1.69e-01      3.00e-03    3.56e-03      8.43e-03    8.57e-03    3.6e-04
   5100      1.69e-01    1.72e-01      1.65e-03    1.39e-03      8.83e-03    9.05e-03    3.6e-04
   5200      1.60e-01    1.68e-01      7.02e-04    1.40e-03      8.44e-03    8.83e-03    3.6e-04
   5300      1.59e-01    1.61e-01      6.34e-04    6.18e-04      8.39e-03    8.48e-03    3.6e-04
   5400      1.56e-01    1.59e-01      1.13e-03    7.42e-04      8.21e-03    8.39e-03    3.6e-04
   5500      1.62e-01    1.61e-01      1.37e-03    8.58e-04      8.52e-03    8.47e-03    3.6e-04
   5600      1.60e-01    1.58e-01      3.14e-04    6.26e-04      8.46e-03    8.31e-03    3.6e-04
   5700      1.53e-01    1.62e-01      9.83e-04    1.03e-03      8.06e-03    8.52e-03    3.6e-04
   5800      1.60e-01    1.60e-01      9.97e-04    8.61e-04      8.44e-03    8.40e-03    3.6e-04
   5900      1.58e-01    1.53e-01      7.42e-04    7.27e-04      8.32e-03    8.06e-03    3.6e-04
   6000      1.57e-01    1.58e-01      9.15e-04    9.02e-04      8.28e-03    8.31e-03    3.6e-04
   6100      1.58e-01    1.62e-01      9.78e-04    1.05e-03      8.30e-03    8.50e-03    3.6e-04
   6200      1.57e-01    1.59e-01      9.11e-04    6.00e-04      8.28e-03    8.38e-03    3.6e-04
   6300      1.54e-01    1.57e-01      5.11e-04    6.05e-04      8.13e-03    8.27e-03    3.6e-04
   6400      1.59e-01    1.62e-01      9.80e-04    6.00e-04      8.37e-03    8.54e-03    3.6e-04
   6500      1.59e-01    1.60e-01      1.20e-03    6.28e-04      8.35e-03    8.41e-03    3.6e-04
   6600      1.62e-01    1.56e-01      1.09e-03    9.03e-04      8.53e-03    8.24e-03    3.6e-04
   6700      1.58e-01    1.58e-01      1.06e-03    1.01e-03      8.32e-03    8.33e-03    3.6e-04
   6800      1.59e-01    1.58e-01      1.45e-03    1.51e-03      8.32e-03    8.25e-03    3.6e-04
   6900      1.63e-01    1.57e-01      1.58e-03    7.24e-04      8.54e-03    8.27e-03    3.6e-04
   7000      1.66e-01    1.62e-01      2.56e-03    2.32e-03      8.57e-03    8.41e-03    3.6e-04
   7100      1.58e-01    1.61e-01      1.38e-03    1.17e-03      8.30e-03    8.45e-03    3.6e-04
   7200      1.55e-01    1.53e-01      9.67e-04    9.61e-04      8.13e-03    8.06e-03    3.6e-04
   7300      1.57e-01    1.60e-01      7.49e-04    8.65e-04      8.26e-03    8.45e-03    3.6e-04
   7400      1.57e-01    1.53e-01      1.13e-03    1.51e-03      8.24e-03    8.00e-03    3.6e-04
   7500      1.63e-01    1.68e-01      3.26e-03    3.21e-03      8.32e-03    8.57e-03    3.6e-04
   7600      1.52e-01    1.57e-01      5.13e-04    5.95e-04      8.01e-03    8.26e-03    3.6e-04
   7700      1.56e-01    1.51e-01      4.92e-04    4.96e-04      8.22e-03    7.94e-03    3.6e-04
   7800      1.59e-01    1.58e-01      2.27e-03    2.19e-03      8.25e-03    8.20e-03    3.6e-04
   7900      1.56e-01    1.62e-01      1.20e-03    1.24e-03      8.17e-03    8.49e-03    3.6e-04
   8000      1.57e-01    1.60e-01      9.79e-04    9.64e-04      8.27e-03    8.42e-03    3.6e-04
   8100      1.73e-01    1.80e-01      6.04e-03    5.90e-03      8.19e-03    8.60e-03    3.6e-04
   8200      3.20e-01    3.26e-01      3.29e-03    4.59e-03      1.68e-02    1.69e-02    3.6e-04
   8300      2.79e-01    2.77e-01      1.63e-03    1.09e-03      1.47e-02    1.46e-02    3.6e-04
   8400      2.59e-01    2.56e-01      1.89e-03    1.25e-03      1.36e-02    1.35e-02    3.6e-04
   8500      2.40e-01    2.47e-01      8.26e-04    1.16e-03      1.26e-02    1.30e-02    3.6e-04
   8600      2.33e-01    2.43e-01      8.87e-04    6.55e-04      1.23e-02    1.28e-02    3.6e-04
   8700      2.34e-01    2.29e-01      1.14e-03    8.47e-04      1.23e-02    1.20e-02    3.6e-04
   8800      2.26e-01    2.28e-01      1.03e-03    8.91e-04      1.19e-02    1.20e-02    3.6e-04
   8900      2.24e-01    2.22e-01      1.19e-03    7.64e-04      1.18e-02    1.17e-02    3.6e-04
   9000      2.19e-01    2.19e-01      6.48e-04    6.98e-04      1.16e-02    1.15e-02    3.6e-04
   9100      2.12e-01    2.22e-01      5.70e-04    1.04e-03      1.12e-02    1.17e-02    3.6e-04
   9200      2.16e-01    2.09e-01      1.00e-03    5.21e-04      1.14e-02    1.10e-02    3.6e-04
   9300      2.14e-01    2.06e-01      8.14e-04    4.43e-04      1.13e-02    1.08e-02    3.6e-04
   9400      2.08e-01    2.05e-01      6.39e-04    4.82e-04      1.09e-02    1.08e-02    3.6e-04
   9500      2.06e-01    1.99e-01      5.19e-04    9.11e-04      1.09e-02    1.05e-02    3.6e-04
   9600      2.05e-01    2.04e-01      1.35e-03    8.12e-04      1.08e-02    1.07e-02    3.6e-04
   9700      2.00e-01    2.00e-01      4.71e-04    6.38e-04      1.05e-02    1.06e-02    3.6e-04
   9800      1.96e-01    1.99e-01      7.86e-04    1.02e-03      1.03e-02    1.05e-02    3.6e-04
   9900      1.93e-01    1.96e-01      4.06e-04    7.88e-04      1.02e-02    1.03e-02    3.6e-04
  10000      1.18e-01    1.18e-01      9.24e-04    1.03e-03      1.03e-02    1.03e-02    1.3e-04
  10100      1.12e-01    1.16e-01      7.73e-04    5.94e-04      9.76e-03    1.02e-02    1.3e-04
  10200      1.15e-01    1.16e-01      4.03e-04    8.13e-04      1.01e-02    1.02e-02    1.3e-04
  10300      1.14e-01    1.17e-01      6.02e-04    4.76e-04      9.96e-03    1.03e-02    1.3e-04
  10400      1.12e-01    1.14e-01      3.69e-04    3.97e-04      9.79e-03    1.00e-02    1.3e-04
  10500      1.18e-01    1.16e-01      7.45e-04    6.66e-04      1.03e-02    1.01e-02    1.3e-04
  10600      1.16e-01    1.17e-01      6.32e-04    1.03e-03      1.01e-02    1.02e-02    1.3e-04
  10700      1.16e-01    1.15e-01      1.02e-03    3.38e-04      1.01e-02    1.01e-02    1.3e-04
  10800      1.17e-01    1.16e-01      8.21e-04    4.53e-04      1.03e-02    1.02e-02    1.3e-04
  10900      1.17e-01    1.15e-01      6.07e-04    4.40e-04      1.02e-02    1.01e-02    1.3e-04
  11000      1.14e-01    1.18e-01      5.71e-04    8.38e-04      9.99e-03    1.03e-02    1.3e-04
  11100      1.15e-01    1.15e-01      8.90e-04    5.34e-04      1.00e-02    1.01e-02    1.3e-04
  11200      1.13e-01    1.16e-01      4.63e-04    7.63e-04      9.93e-03    1.01e-02    1.3e-04
  11300      1.16e-01    1.15e-01      3.42e-04    5.62e-04      1.01e-02    1.01e-02    1.3e-04
  11400      1.14e-01    1.16e-01      3.97e-04    5.32e-04      1.00e-02    1.02e-02    1.3e-04
  11500      1.14e-01    1.15e-01      3.62e-04    7.38e-04      1.00e-02    1.00e-02    1.3e-04
  11600      1.16e-01    1.15e-01      3.96e-04    3.97e-04      1.02e-02    1.01e-02    1.3e-04
  11700      1.14e-01    1.15e-01      9.99e-04    1.16e-03      9.96e-03    1.00e-02    1.3e-04
  11800      1.11e-01    1.14e-01      5.64e-04    4.88e-04      9.76e-03    1.00e-02    1.3e-04
  11900      1.12e-01    1.13e-01      7.74e-04    4.98e-04      9.77e-03    9.89e-03    1.3e-04
  12000      1.14e-01    1.12e-01      5.17e-04    5.48e-04      1.00e-02    9.84e-03    1.3e-04
  12100      1.14e-01    1.12e-01      8.48e-04    5.57e-04      9.98e-03    9.83e-03    1.3e-04
  12200      1.16e-01    1.13e-01      1.04e-03    5.98e-04      1.01e-02    9.88e-03    1.3e-04
  12300      1.14e-01    1.14e-01      9.01e-04    9.05e-04      9.97e-03    9.93e-03    1.3e-04
  12400      1.12e-01    1.12e-01      5.82e-04    4.88e-04      9.80e-03    9.83e-03    1.3e-04
  12500      1.10e-01    1.10e-01      7.98e-04    5.07e-04      9.61e-03    9.66e-03    1.3e-04
  12600      1.16e-01    1.10e-01      1.28e-03    7.13e-04      1.01e-02    9.62e-03    1.3e-04
  12700      1.10e-01    1.14e-01      7.22e-04    5.63e-04      9.63e-03    1.00e-02    1.3e-04
  12800      1.13e-01    1.11e-01      7.30e-04    7.50e-04      9.90e-03    9.70e-03    1.3e-04
  12900      1.12e-01    1.11e-01      8.63e-04    7.71e-04      9.81e-03    9.67e-03    1.3e-04
  13000      1.09e-01    1.11e-01      8.40e-04    7.00e-04      9.51e-03    9.69e-03    1.3e-04
  13100      1.10e-01    1.09e-01      6.92e-04    9.47e-04      9.66e-03    9.54e-03    1.3e-04
  13200      1.13e-01    1.10e-01      7.98e-04    3.45e-04      9.86e-03    9.66e-03    1.3e-04
  13300      1.11e-01    1.14e-01      4.65e-04    4.57e-04      9.76e-03    9.98e-03    1.3e-04
  13400      1.11e-01    1.10e-01      5.03e-04    5.13e-04      9.71e-03    9.64e-03    1.3e-04
  13500      1.11e-01    1.07e-01      7.93e-04    6.18e-04      9.69e-03    9.40e-03    1.3e-04
  13600      1.09e-01    1.11e-01      8.32e-04    5.87e-04      9.50e-03    9.74e-03    1.3e-04
  13700      1.06e-01    1.07e-01      4.11e-04    4.97e-04      9.27e-03    9.43e-03    1.3e-04
  13800      1.09e-01    1.08e-01      7.16e-04    8.06e-04      9.55e-03    9.42e-03    1.3e-04
  13900      1.10e-01    1.11e-01      5.50e-04    3.33e-04      9.61e-03    9.77e-03    1.3e-04
  14000      1.10e-01    1.05e-01      7.46e-04    4.28e-04      9.61e-03    9.26e-03    1.3e-04
  14100      1.09e-01    1.08e-01      8.71e-04    5.67e-04      9.52e-03    9.47e-03    1.3e-04
  14200      1.06e-01    1.11e-01      8.61e-04    7.77e-04      9.27e-03    9.68e-03    1.3e-04
  14300      1.10e-01    1.10e-01      8.81e-04    9.24e-04      9.64e-03    9.55e-03    1.3e-04
  14400      1.06e-01    1.08e-01      4.85e-04    4.23e-04      9.28e-03    9.47e-03    1.3e-04
  14500      1.10e-01    1.06e-01      8.45e-04    5.98e-04      9.63e-03    9.30e-03    1.3e-04
  14600      1.10e-01    1.07e-01      5.49e-04    7.55e-04      9.61e-03    9.39e-03    1.3e-04
  14700      1.08e-01    1.06e-01      6.79e-04    5.82e-04      9.49e-03    9.28e-03    1.3e-04
  14800      1.05e-01    1.07e-01      2.90e-04    5.53e-04      9.19e-03    9.35e-03    1.3e-04
  14900      1.07e-01    1.05e-01      4.00e-04    4.18e-04      9.35e-03    9.24e-03    1.3e-04
  15000      6.44e-02    6.55e-02      7.38e-04    7.27e-04      9.23e-03    9.40e-03    4.6e-05
  15100      6.38e-02    6.49e-02      3.83e-04    3.31e-04      9.26e-03    9.44e-03    4.6e-05
  15200      6.49e-02    6.41e-02      8.31e-04    4.24e-04      9.27e-03    9.29e-03    4.6e-05
  15300      6.36e-02    6.47e-02      5.87e-04    5.65e-04      9.18e-03    9.35e-03    4.6e-05
  15400      6.40e-02    6.43e-02      6.62e-04    4.94e-04      9.20e-03    9.30e-03    4.6e-05
  15500      6.35e-02    6.44e-02      7.40e-04    8.33e-04      9.10e-03    9.20e-03    4.6e-05
  15600      6.64e-02    6.19e-02      6.00e-04    4.75e-04      9.59e-03    8.96e-03    4.6e-05
  15700      6.29e-02    6.35e-02      4.34e-04    4.40e-04      9.12e-03    9.21e-03    4.6e-05
  15800      6.56e-02    6.41e-02      7.96e-04    2.72e-04      9.40e-03    9.32e-03    4.6e-05
  15900      6.50e-02    6.30e-02      5.02e-04    4.18e-04      9.42e-03    9.13e-03    4.6e-05
  16000      6.59e-02    6.21e-02      7.44e-04    4.26e-04      9.46e-03    9.00e-03    4.6e-05
  16100      6.57e-02    6.64e-02      5.18e-04    5.78e-04      9.50e-03    9.59e-03    4.6e-05
  16200      6.30e-02    6.40e-02      7.38e-04    6.30e-04      9.03e-03    9.22e-03    4.6e-05
  16300      6.30e-02    6.61e-02      7.30e-04    7.19e-04      9.03e-03    9.50e-03    4.6e-05
  16400      6.50e-02    6.39e-02      6.77e-04    5.20e-04      9.35e-03    9.24e-03    4.6e-05
  16500      6.46e-02    6.37e-02      6.63e-04    4.24e-04      9.30e-03    9.24e-03    4.6e-05
  16600      6.50e-02    6.22e-02      9.54e-04    4.05e-04      9.23e-03    9.02e-03    4.6e-05
  16700      6.59e-02    6.44e-02      7.02e-04    3.32e-04      9.48e-03    9.36e-03    4.6e-05
  16800      6.28e-02    6.35e-02      2.85e-04    3.54e-04      9.13e-03    9.22e-03    4.6e-05
  16900      6.52e-02    6.56e-02      1.12e-03    7.83e-04      9.17e-03    9.40e-03    4.6e-05
  17000      6.31e-02    6.33e-02      3.50e-04    5.58e-04      9.17e-03    9.15e-03    4.6e-05
  17100      6.36e-02    6.29e-02      8.37e-04    5.54e-04      9.08e-03    9.08e-03    4.6e-05
  17200      6.37e-02    6.29e-02      7.00e-04    3.32e-04      9.15e-03    9.14e-03    4.6e-05
  17300      6.48e-02    6.56e-02      3.31e-04    7.23e-04      9.42e-03    9.43e-03    4.6e-05
  17400      6.34e-02    6.32e-02      3.53e-04    4.14e-04      9.20e-03    9.17e-03    4.6e-05
  17500      6.26e-02    6.39e-02      2.53e-04    3.53e-04      9.11e-03    9.28e-03    4.6e-05
  17600      6.27e-02    6.37e-02      4.52e-04    3.59e-04      9.08e-03    9.25e-03    4.6e-05
  17700      6.44e-02    6.23e-02      6.09e-04    3.56e-04      9.29e-03    9.05e-03    4.6e-05
  17800      6.55e-02    6.20e-02      7.40e-04    4.00e-04      9.40e-03    8.99e-03    4.6e-05
  17900      6.28e-02    6.35e-02      4.27e-04    6.08e-04      9.10e-03    9.15e-03    4.6e-05
  18000      6.26e-02    6.17e-02      4.17e-04    4.23e-04      9.07e-03    8.95e-03    4.6e-05
  18100      6.44e-02    6.28e-02      7.88e-04    6.00e-04      9.22e-03    9.06e-03    4.6e-05
  18200      6.47e-02    6.21e-02      8.67e-04    3.48e-04      9.22e-03    9.02e-03    4.6e-05
  18300      2.22e+00    2.22e+00      1.43e-01    1.43e-01      1.27e-02    1.28e-02    4.6e-05
  18400      6.95e-02    7.14e-02      7.42e-04    6.70e-04      9.99e-03    1.03e-02    4.6e-05
  18500      6.73e-02    6.75e-02      4.92e-04    6.00e-04      9.75e-03    9.75e-03    4.6e-05
  18600      6.80e-02    6.70e-02      7.00e-04    4.41e-04      9.79e-03    9.72e-03    4.6e-05
  18700      6.48e-02    6.76e-02      4.41e-04    6.69e-04      9.39e-03    9.74e-03    4.6e-05
  18800      6.56e-02    6.46e-02      7.62e-04    5.44e-04      9.41e-03    9.34e-03    4.6e-05
  18900      6.48e-02    6.63e-02      3.67e-04    9.51e-04      9.41e-03    9.42e-03    4.6e-05
  19000      6.62e-02    6.37e-02      6.25e-04    2.97e-04      9.55e-03    9.27e-03    4.6e-05
  19100      6.50e-02    6.65e-02      6.61e-04    8.75e-04      9.36e-03    9.49e-03    4.6e-05
  19200      6.55e-02    6.36e-02      5.11e-04    3.18e-04      9.48e-03    9.24e-03    4.6e-05
  19300      6.39e-02    6.33e-02      6.88e-04    4.59e-04      9.18e-03    9.16e-03    4.6e-05
  19400      6.37e-02    6.57e-02      5.28e-04    7.90e-04      9.22e-03    9.40e-03    4.6e-05
  19500      6.37e-02    6.37e-02      4.56e-04    3.70e-04      9.22e-03    9.24e-03    4.6e-05
  19600      6.47e-02    6.34e-02      4.67e-04    3.58e-04      9.37e-03    9.21e-03    4.6e-05
  19700      6.24e-02    6.52e-02      4.78e-04    3.77e-04      9.03e-03    9.46e-03    4.6e-05
  19800      6.46e-02    6.60e-02      2.92e-04    7.78e-04      9.40e-03    9.46e-03    4.6e-05
  19900      6.21e-02    6.28e-02      5.28e-04    4.48e-04      8.98e-03    9.10e-03    4.6e-05
  20000      3.85e-02    3.90e-02      4.14e-04    4.17e-04      9.06e-03    9.18e-03    1.7e-05
  20100      3.92e-02    3.97e-02      6.03e-04    4.03e-04      9.08e-03    9.38e-03    1.7e-05
  20200      3.89e-02    4.22e-02      4.10e-04    9.91e-04      9.17e-03    9.36e-03    1.7e-05
  20300      3.80e-02    3.83e-02      2.68e-04    3.04e-04      9.02e-03    9.08e-03    1.7e-05
  20400      3.90e-02    3.87e-02      4.67e-04    5.71e-04      9.16e-03    9.00e-03    1.7e-05
  20500      4.00e-02    3.86e-02      4.44e-04    3.47e-04      9.40e-03    9.13e-03    1.7e-05
  20600      3.83e-02    4.14e-02      2.89e-04    8.83e-04      9.08e-03    9.31e-03    1.7e-05
  20700      3.85e-02    3.93e-02      4.56e-04    3.84e-04      9.04e-03    9.29e-03    1.7e-05
  20800      3.81e-02    3.88e-02      4.21e-04    3.48e-04      8.97e-03    9.17e-03    1.7e-05
  20900      4.11e-02    4.02e-02      8.00e-04    4.97e-04      9.35e-03    9.43e-03    1.7e-05
  21000      4.02e-02    4.08e-02      5.31e-04    7.43e-04      9.40e-03    9.34e-03    1.7e-05
  21100      4.06e-02    3.98e-02      7.22e-04    5.08e-04      9.32e-03    9.32e-03    1.7e-05
  21200      3.90e-02    4.04e-02      3.99e-04    8.87e-04      9.20e-03    9.06e-03    1.7e-05
  21300      3.91e-02    3.96e-02      4.89e-04    4.69e-04      9.16e-03    9.30e-03    1.7e-05
  21400      4.13e-02    3.87e-02      8.07e-04    3.85e-04      9.39e-03    9.13e-03    1.7e-05
  21500      4.24e-02    3.92e-02      1.05e-03    5.04e-04      9.34e-03    9.17e-03    1.7e-05
  21600      3.85e-02    3.85e-02      4.88e-04    4.38e-04      9.02e-03    9.06e-03    1.7e-05
  21700      3.85e-02    3.93e-02      3.59e-04    3.62e-04      9.11e-03    9.30e-03    1.7e-05
  21800      3.89e-02    3.88e-02      3.65e-04    3.60e-04      9.19e-03    9.18e-03    1.7e-05
  21900      3.92e-02    4.11e-02      6.00e-04    6.08e-04      9.10e-03    9.55e-03    1.7e-05
  22000      3.87e-02    4.08e-02      4.41e-04    7.16e-04      9.10e-03    9.36e-03    1.7e-05
  22100      3.80e-02    3.98e-02      3.91e-04    5.12e-04      8.96e-03    9.30e-03    1.7e-05
  22200      3.92e-02    3.83e-02      4.52e-04    3.24e-04      9.21e-03    9.07e-03    1.7e-05
  22300      4.08e-02    4.05e-02      5.99e-04    6.16e-04      9.48e-03    9.40e-03    1.7e-05
  22400      3.90e-02    3.87e-02      3.74e-04    4.19e-04      9.22e-03    9.11e-03    1.7e-05
  22500      4.08e-02    3.88e-02      6.17e-04    3.96e-04      9.47e-03    9.16e-03    1.7e-05
  22600      3.79e-02    3.85e-02      4.02e-04    4.26e-04      8.94e-03    9.07e-03    1.7e-05
  22700      3.97e-02    3.93e-02      2.98e-04    2.81e-04      9.43e-03    9.32e-03    1.7e-05
  22800      3.91e-02    4.01e-02      3.46e-04    2.92e-04      9.25e-03    9.52e-03    1.7e-05
  22900      3.93e-02    4.00e-02      4.15e-04    6.41e-04      9.25e-03    9.25e-03    1.7e-05
  23000      4.18e-02    3.93e-02      9.82e-04    3.25e-04      9.29e-03    9.30e-03    1.7e-05
  23100      4.03e-02    3.97e-02      5.66e-04    3.65e-04      9.40e-03    9.39e-03    1.7e-05
  23200      3.85e-02    3.88e-02      3.29e-04    3.84e-04      9.12e-03    9.17e-03    1.7e-05
  23300      4.00e-02    3.89e-02      6.55e-04    3.92e-04      9.23e-03    9.17e-03    1.7e-05
  23400      3.94e-02    3.89e-02      4.60e-04    3.35e-04      9.27e-03    9.21e-03    1.7e-05
  23500      3.89e-02    3.93e-02      4.55e-04    3.92e-04      9.13e-03    9.28e-03    1.7e-05
  23600      3.81e-02    3.97e-02      3.71e-04    4.14e-04      8.99e-03    9.36e-03    1.7e-05
  23700      3.92e-02    3.93e-02      4.74e-04    3.66e-04      9.20e-03    9.29e-03    1.7e-05
  23800      3.92e-02    3.96e-02      3.79e-04    3.95e-04      9.25e-03    9.34e-03    1.7e-05
  23900      4.10e-02    4.00e-02      7.43e-04    6.76e-04      9.39e-03    9.21e-03    1.7e-05
  24000      3.85e-02    3.89e-02      3.78e-04    3.88e-04      9.08e-03    9.18e-03    1.7e-05
  24100      3.93e-02    3.95e-02      5.52e-04    3.60e-04      9.15e-03    9.33e-03    1.7e-05
  24200      4.10e-02    3.84e-02      7.06e-04    4.48e-04      9.43e-03    9.01e-03    1.7e-05
  24300      3.85e-02    3.89e-02      4.87e-04    4.70e-04      9.03e-03    9.13e-03    1.7e-05
  24400      4.01e-02    3.96e-02      5.82e-04    4.49e-04      9.33e-03    9.30e-03    1.7e-05
  24500      3.91e-02    3.92e-02      5.76e-04    3.95e-04      9.10e-03    9.26e-03    1.7e-05
  24600      3.81e-02    3.96e-02      4.48e-04    4.33e-04      8.95e-03    9.31e-03    1.7e-05
  24700      3.90e-02    3.88e-02      4.61e-04    3.09e-04      9.15e-03    9.20e-03    1.7e-05
  24800      3.97e-02    3.95e-02      3.90e-04    4.42e-04      9.36e-03    9.29e-03    1.7e-05
  24900      3.91e-02    3.84e-02      3.53e-04    2.87e-04      9.24e-03    9.12e-03    1.7e-05
  25000      2.87e-02    2.46e-02      9.06e-04    3.62e-04      9.47e-03    9.10e-03    5.9e-06
  25100      2.55e-02    2.70e-02      5.40e-04    6.90e-04      9.13e-03    9.38e-03    5.9e-06
  25200      2.45e-02    2.49e-02      3.54e-04    4.15e-04      9.06e-03    9.15e-03    5.9e-06
  25300      2.54e-02    2.49e-02      4.71e-04    4.78e-04      9.22e-03    9.03e-03    5.9e-06
  25400      2.50e-02    2.62e-02      3.07e-04    6.88e-04      9.34e-03    9.07e-03    5.9e-06
  25500      2.42e-02    2.48e-02      2.65e-04    3.51e-04      9.07e-03    9.21e-03    5.9e-06
  25600      2.54e-02    2.51e-02      4.58e-04    4.72e-04      9.27e-03    9.10e-03    5.9e-06
  25700      2.79e-02    2.71e-02      9.68e-04    7.31e-04      8.87e-03    9.32e-03    5.9e-06
  25800      2.45e-02    2.57e-02      3.87e-04    3.98e-04      9.03e-03    9.49e-03    5.9e-06
  25900      2.48e-02    2.84e-02      4.82e-04    8.84e-04      8.97e-03    9.38e-03    5.9e-06
  26000      2.49e-02    2.61e-02      4.37e-04    6.07e-04      9.10e-03    9.23e-03    5.9e-06
  26100      2.49e-02    2.47e-02      3.18e-04    4.11e-04      9.25e-03    9.05e-03    5.9e-06
  26200      2.58e-02    2.46e-02      4.02e-04    2.88e-04      9.51e-03    9.18e-03    5.9e-06
  26300      2.40e-02    2.51e-02      3.18e-04    3.94e-04      8.91e-03    9.25e-03    5.9e-06
  26400      2.46e-02    2.50e-02      3.44e-04    3.49e-04      9.14e-03    9.25e-03    5.9e-06
  26500      2.62e-02    2.44e-02      6.48e-04    3.06e-04      9.18e-03    9.09e-03    5.9e-06
  26600      2.61e-02    2.45e-02      5.47e-04    3.50e-04      9.36e-03    9.07e-03    5.9e-06
  26700      2.55e-02    2.51e-02      4.96e-04    4.01e-04      9.20e-03    9.23e-03    5.9e-06
  26800      2.51e-02    2.59e-02      4.55e-04    5.69e-04      9.16e-03    9.24e-03    5.9e-06
  26900      2.69e-02    2.41e-02      6.54e-04    3.49e-04      9.42e-03    8.91e-03    5.9e-06
  27000      2.66e-02    2.44e-02      6.19e-04    1.83e-04      9.39e-03    9.21e-03    5.9e-06
  27100      2.64e-02    2.66e-02      6.62e-04    5.90e-04      9.20e-03    9.47e-03    5.9e-06
  27200      2.48e-02    2.49e-02      3.63e-04    3.16e-04      9.18e-03    9.25e-03    5.9e-06
  27300      2.54e-02    2.69e-02      5.08e-04    6.91e-04      9.16e-03    9.34e-03    5.9e-06
  27400      2.55e-02    2.61e-02      4.80e-04    6.34e-04      9.26e-03    9.17e-03    5.9e-06
  27500      2.47e-02    2.43e-02      3.32e-04    3.61e-04      9.17e-03    8.97e-03    5.9e-06
  27600      2.50e-02    2.41e-02      4.45e-04    2.66e-04      9.11e-03    9.03e-03    5.9e-06
  27700      2.54e-02    2.57e-02      4.91e-04    4.93e-04      9.20e-03    9.31e-03    5.9e-06
  27800      2.50e-02    2.54e-02      4.53e-04    4.55e-04      9.12e-03    9.27e-03    5.9e-06
  27900      2.57e-02    2.45e-02      5.84e-04    3.83e-04      9.14e-03    9.01e-03    5.9e-06
  28000      2.56e-02    2.48e-02      5.66e-04    3.11e-04      9.13e-03    9.25e-03    5.9e-06
  28100      2.53e-02    2.49e-02      3.92e-04    3.97e-04      9.34e-03    9.18e-03    5.9e-06
  28200      2.55e-02    2.51e-02      5.17e-04    4.94e-04      9.17e-03    9.08e-03    5.9e-06
  28300      2.62e-02    2.50e-02      6.56e-04    3.37e-04      9.13e-03    9.30e-03    5.9e-06
  28400      2.60e-02    2.51e-02      5.15e-04    4.35e-04      9.38e-03    9.16e-03    5.9e-06
  28500      2.58e-02    2.53e-02      6.10e-04    5.00e-04      9.10e-03    9.12e-03    5.9e-06
  28600      2.68e-02    2.61e-02      6.41e-04    5.68e-04      9.45e-03    9.32e-03    5.9e-06
  28700      2.49e-02    2.58e-02      4.04e-04    5.56e-04      9.16e-03    9.23e-03    5.9e-06
  28800      2.51e-02    2.56e-02      4.59e-04    5.38e-04      9.12e-03    9.17e-03    5.9e-06
  28900      2.41e-02    2.45e-02      3.06e-04    3.63e-04      8.98e-03    9.05e-03    5.9e-06
  29000      2.53e-02    2.45e-02      4.71e-04    2.80e-04      9.18e-03    9.16e-03    5.9e-06
  29100      2.49e-02    2.66e-02      3.64e-04    6.06e-04      9.20e-03    9.45e-03    5.9e-06
  29200      2.48e-02    2.59e-02      3.71e-04    4.94e-04      9.14e-03    9.39e-03    5.9e-06
  29300      2.48e-02    2.52e-02      3.60e-04    4.20e-04      9.18e-03    9.25e-03    5.9e-06
  29400      2.51e-02    2.44e-02      4.29e-04    2.99e-04      9.18e-03    9.10e-03    5.9e-06
  29500      2.45e-02    2.58e-02      3.55e-04    5.58e-04      9.06e-03    9.20e-03    5.9e-06
  29600      2.49e-02    2.54e-02      2.97e-04    4.45e-04      9.29e-03    9.27e-03    5.9e-06
  29700      2.96e-02    2.53e-02      1.05e-03    3.63e-04      9.31e-03    9.37e-03    5.9e-06
  29800      2.45e-02    2.69e-02      3.04e-04    6.55e-04      9.12e-03    9.43e-03    5.9e-06
  29900      2.61e-02    2.49e-02      5.65e-04    4.83e-04      9.34e-03    9.02e-03    5.9e-06
  30000      1.82e-02    1.76e-02      5.35e-04    4.49e-04      9.13e-03    9.09e-03    2.1e-06
  30100      1.69e-02    1.72e-02      2.87e-04    3.34e-04      9.23e-03    9.27e-03    2.1e-06
  30200      1.87e-02    1.75e-02      5.84e-04    3.16e-04      9.17e-03    9.46e-03    2.1e-06
  30300      1.77e-02    1.77e-02      4.34e-04    4.41e-04      9.20e-03    9.22e-03    2.1e-06
  30400      1.68e-02    1.73e-02      2.20e-04    3.45e-04      9.30e-03    9.26e-03    2.1e-06
  30500      1.73e-02    1.69e-02      3.75e-04    3.09e-04      9.18e-03    9.15e-03    2.1e-06
  30600      1.73e-02    1.81e-02      3.99e-04    4.95e-04      9.09e-03    9.24e-03    2.1e-06
  30700      1.85e-02    1.70e-02      5.05e-04    3.66e-04      9.44e-03    9.07e-03    2.1e-06
  30800      1.79e-02    1.82e-02      4.96e-04    5.16e-04      9.12e-03    9.19e-03    2.1e-06
  30900      1.84e-02    1.81e-02      4.89e-04    5.14e-04      9.47e-03    9.17e-03    2.1e-06
  31000      1.68e-02    1.70e-02      2.51e-04    2.80e-04      9.24e-03    9.26e-03    2.1e-06
  31100      1.91e-02    1.83e-02      6.46e-04    5.12e-04      9.12e-03    9.29e-03    2.1e-06
  31200      1.83e-02    1.74e-02      5.24e-04    3.41e-04      9.23e-03    9.34e-03    2.1e-06
  31300      1.80e-02    1.71e-02      5.25e-04    3.62e-04      9.02e-03    9.09e-03    2.1e-06
  31400      1.76e-02    1.75e-02      3.36e-04    4.04e-04      9.47e-03    9.24e-03    2.1e-06
  31500      1.85e-02    1.72e-02      5.24e-04    3.56e-04      9.36e-03    9.19e-03    2.1e-06
  31600      1.86e-02    1.75e-02      5.37e-04    3.69e-04      9.39e-03    9.35e-03    2.1e-06
  31700      1.66e-02    1.75e-02      2.80e-04    4.38e-04      9.08e-03    9.08e-03    2.1e-06
  31800      1.97e-02    1.76e-02      6.79e-04    4.07e-04      9.31e-03    9.25e-03    2.1e-06
  31900      1.68e-02    1.78e-02      3.28e-04    3.91e-04      9.04e-03    9.42e-03    2.1e-06
  32000      2.24e-02    1.66e-02      9.68e-04    2.83e-04      9.27e-03    9.03e-03    2.1e-06
  32100      1.76e-02    1.69e-02      3.80e-04    2.43e-04      9.36e-03    9.34e-03    2.1e-06
  32200      1.80e-02    2.27e-02      4.92e-04    9.80e-04      9.16e-03    9.35e-03    2.1e-06
  32300      1.81e-02    1.71e-02      5.16e-04    3.87e-04      9.16e-03    9.04e-03    2.1e-06
  32400      1.79e-02    1.71e-02      3.95e-04    3.10e-04      9.47e-03    9.26e-03    2.1e-06
  32500      1.70e-02    1.84e-02      3.73e-04    5.58e-04      9.01e-03    9.13e-03    2.1e-06
  32600      1.72e-02    1.71e-02      3.01e-04    3.20e-04      9.34e-03    9.27e-03    2.1e-06
  32700      1.75e-02    1.74e-02      4.89e-04    3.47e-04      8.91e-03    9.33e-03    2.1e-06
  32800      1.56e-01    1.54e-01      9.77e-03    9.63e-03      9.41e-03    9.19e-03    2.1e-06
  32900      7.47e-02    7.61e-02      4.60e-03    4.69e-03      9.18e-03    9.17e-03    2.1e-06
  33000      3.87e-02    4.02e-02      2.22e-03    2.30e-03      9.15e-03    9.62e-03    2.1e-06
  33100      2.30e-02    2.25e-02      1.02e-03    9.59e-04      9.22e-03    9.39e-03    2.1e-06
  33200      1.71e-02    1.82e-02      4.01e-04    5.45e-04      9.00e-03    9.10e-03    2.1e-06
  33300      1.73e-02    1.68e-02      4.20e-04    2.63e-04      9.02e-03    9.22e-03    2.1e-06
  33400      1.86e-02    1.71e-02      5.56e-04    2.83e-04      9.26e-03    9.32e-03    2.1e-06
  33500      1.69e-02    1.74e-02      2.39e-04    3.56e-04      9.32e-03    9.32e-03    2.1e-06
  33600      1.81e-02    1.67e-02      4.43e-04    2.32e-04      9.42e-03    9.19e-03    2.1e-06
  33700      1.71e-02    1.90e-02      2.80e-04    5.99e-04      9.33e-03    9.31e-03    2.1e-06
  33800      1.82e-02    1.72e-02      4.86e-04    3.32e-04      9.35e-03    9.26e-03    2.1e-06
  33900      1.80e-02    1.68e-02      4.91e-04    2.61e-04      9.17e-03    9.20e-03    2.1e-06
  34000      1.84e-02    1.70e-02      5.54e-04    3.87e-04      9.17e-03    8.95e-03    2.1e-06
  34100      1.70e-02    1.74e-02      2.95e-04    4.08e-04      9.25e-03    9.16e-03    2.1e-06
  34200      1.66e-02    1.69e-02      2.48e-04    3.26e-04      9.13e-03    9.10e-03    2.1e-06
  34300      2.23e-02    1.99e-02      9.39e-04    6.46e-04      9.41e-03    9.63e-03    2.1e-06
  34400      1.85e-02    1.71e-02      5.43e-04    3.12e-04      9.26e-03    9.28e-03    2.1e-06
  34500      1.79e-02    1.80e-02      4.20e-04    4.79e-04      9.40e-03    9.24e-03    2.1e-06
  34600      1.71e-02    1.65e-02      2.93e-04    2.86e-04      9.30e-03    8.96e-03    2.1e-06
  34700      1.71e-02    1.82e-02      3.00e-04    5.12e-04      9.28e-03    9.25e-03    2.1e-06
  34800      1.78e-02    1.70e-02      4.32e-04    3.95e-04      9.30e-03    8.97e-03    2.1e-06
  34900      1.71e-02    1.72e-02      3.05e-04    3.51e-04      9.31e-03    9.20e-03    2.1e-06
  35000      1.56e-02    1.32e-02      6.23e-04    2.84e-04      9.14e-03    9.32e-03    7.6e-07
  35100      1.36e-02    1.32e-02      3.63e-04    3.28e-04      9.24e-03    9.14e-03    7.6e-07
  35200      1.34e-02    1.29e-02      3.50e-04    2.57e-04      9.17e-03    9.20e-03    7.6e-07
  35300      1.41e-02    1.41e-02      4.66e-04    4.20e-04      9.06e-03    9.33e-03    7.6e-07
  35400      1.63e-02    1.45e-02      6.51e-04    4.67e-04      9.54e-03    9.42e-03    7.6e-07
  35500      1.32e-02    1.29e-02      3.06e-04    2.79e-04      9.27e-03    9.14e-03    7.6e-07
  35600      1.29e-02    1.63e-02      2.60e-04    6.57e-04      9.24e-03    9.47e-03    7.6e-07
  35700      1.61e-02    1.29e-02      6.56e-04    2.85e-04      9.22e-03    9.13e-03    7.6e-07
  35800      1.46e-02    1.38e-02      5.06e-04    4.09e-04      9.22e-03    9.16e-03    7.6e-07
  35900      1.58e-02    1.34e-02      6.10e-04    3.88e-04      9.40e-03    9.01e-03    7.6e-07
  36000      1.27e-02    1.38e-02      2.43e-04    3.85e-04      9.08e-03    9.34e-03    7.6e-07
  36100      1.39e-02    1.31e-02      4.21e-04    2.84e-04      9.16e-03    9.29e-03    7.6e-07
  36200      1.55e-02    1.30e-02      6.03e-04    2.59e-04      9.16e-03    9.26e-03    7.6e-07
  36300      1.43e-02    1.33e-02      4.55e-04    3.56e-04      9.31e-03    9.03e-03    7.6e-07
  36400      1.39e-02    1.63e-02      4.48e-04    6.77e-04      9.03e-03    9.28e-03    7.6e-07
  36500      1.31e-02    1.44e-02      3.28e-04    4.55e-04      9.05e-03    9.37e-03    7.6e-07
  36600      1.39e-02    1.30e-02      4.27e-04    2.89e-04      9.14e-03    9.18e-03    7.6e-07
  36700      1.40e-02    1.52e-02      4.36e-04    5.69e-04      9.13e-03    9.24e-03    7.6e-07
  36800      1.37e-02    1.56e-02      3.89e-04    5.81e-04      9.20e-03    9.51e-03    7.6e-07
  36900      1.33e-02    1.39e-02      3.40e-04    4.32e-04      9.18e-03    9.09e-03    7.6e-07
  37000      1.32e-02    1.43e-02      3.16e-04    4.47e-04      9.22e-03    9.32e-03    7.6e-07
  37100      1.42e-02    1.52e-02      4.44e-04    5.73e-04      9.26e-03    9.16e-03    7.6e-07
  37200      1.33e-02    1.33e-02      3.50e-04    2.98e-04      9.13e-03    9.39e-03    7.6e-07
  37300      1.53e-02    1.31e-02      5.79e-04    2.85e-04      9.25e-03    9.24e-03    7.6e-07
  37400      1.34e-02    1.33e-02      3.53e-04    3.31e-04      9.18e-03    9.23e-03    7.6e-07
  37500      1.32e-02    1.40e-02      2.43e-04    4.24e-04      9.54e-03    9.28e-03    7.6e-07
  37600      1.32e-02    1.46e-02      3.27e-04    5.01e-04      9.13e-03    9.19e-03    7.6e-07
  37700      1.53e-02    1.52e-02      5.75e-04    5.39e-04      9.28e-03    9.44e-03    7.6e-07
  37800      1.36e-02    1.32e-02      3.90e-04    2.79e-04      9.09e-03    9.35e-03    7.6e-07
  37900      1.74e-02    1.31e-02      7.64e-04    3.20e-04      9.39e-03    9.11e-03    7.6e-07
  38000      1.34e-02    1.32e-02      3.62e-04    2.54e-04      9.11e-03    9.45e-03    7.6e-07
  38100      1.41e-02    1.26e-02      4.70e-04    2.33e-04      9.06e-03    9.10e-03    7.6e-07
  38200      1.41e-02    1.26e-02      4.38e-04    2.55e-04      9.28e-03    9.03e-03    7.6e-07
  38300      1.40e-02    1.42e-02      4.40e-04    4.64e-04      9.13e-03    9.18e-03    7.6e-07
  38400      1.48e-02    1.51e-02      5.37e-04    5.36e-04      9.15e-03    9.39e-03    7.6e-07
  38500      1.27e-02    1.66e-02      2.57e-04    6.86e-04      9.10e-03    9.39e-03    7.6e-07
  38600      1.29e-02    1.34e-02      2.86e-04    3.60e-04      9.14e-03    9.16e-03    7.6e-07
  38700      1.38e-02    1.36e-02      3.66e-04    3.60e-04      9.46e-03    9.33e-03    7.6e-07
  38800      1.47e-02    1.32e-02      4.81e-04    3.04e-04      9.46e-03    9.25e-03    7.6e-07
  38900      1.51e-02    1.35e-02      5.52e-04    3.51e-04      9.25e-03    9.31e-03    7.6e-07
  39000      1.43e-02    1.37e-02      4.43e-04    3.55e-04      9.42e-03    9.41e-03    7.6e-07
  39100      1.30e-02    1.33e-02      2.91e-04    3.18e-04      9.14e-03    9.28e-03    7.6e-07
  39200      1.34e-02    1.30e-02      3.40e-04    2.64e-04      9.21e-03    9.28e-03    7.6e-07
  39300      1.50e-02    1.38e-02      5.47e-04    4.01e-04      9.18e-03    9.25e-03    7.6e-07
  39400      1.31e-02    1.51e-02      2.96e-04    5.73e-04      9.22e-03    9.12e-03    7.6e-07
  39500      1.31e-02    1.32e-02      2.69e-04    2.99e-04      9.36e-03    9.30e-03    7.6e-07
  39600      2.00e-02    1.37e-02      1.00e-03    4.21e-04      9.07e-03    9.04e-03    7.6e-07
  39700      1.39e-02    1.40e-02      3.85e-04    4.12e-04      9.43e-03    9.34e-03    7.6e-07
  39800      1.40e-02    1.32e-02      4.26e-04    3.42e-04      9.22e-03    9.06e-03    7.6e-07
  39900      1.41e-02    1.68e-02      4.01e-04    6.84e-04      9.44e-03    9.66e-03    7.6e-07
  40000      1.18e-02    1.23e-02      3.33e-04    4.16e-04      9.34e-03    9.22e-03    2.7e-07
  40100      1.18e-02    1.16e-02      3.77e-04    3.55e-04      9.03e-03    8.94e-03    2.7e-07
  40200      1.15e-02    1.20e-02      3.35e-04    3.67e-04      9.05e-03    9.30e-03    2.7e-07
  40300      1.16e-02    1.16e-02      3.38e-04    3.41e-04      9.09e-03    9.05e-03    2.7e-07
  40400      1.16e-02    1.32e-02      3.25e-04    5.23e-04      9.22e-03    9.14e-03    2.7e-07
  40500      1.19e-02    1.23e-02      3.63e-04    4.07e-04      9.18e-03    9.23e-03    2.7e-07
  40600      1.20e-02    1.10e-02      3.79e-04    2.38e-04      9.21e-03    9.14e-03    2.7e-07
  40700      1.23e-02    1.19e-02      4.34e-04    3.54e-04      9.08e-03    9.29e-03    2.7e-07
  40800      1.21e-02    1.15e-02      4.14e-04    3.10e-04      9.04e-03    9.23e-03    2.7e-07
  40900      1.11e-02    1.14e-02      2.53e-04    2.92e-04      9.17e-03    9.27e-03    2.7e-07
  41000      1.40e-02    1.38e-02      5.86e-04    5.54e-04      9.27e-03    9.45e-03    2.7e-07
  41100      1.16e-02    1.07e-02      3.09e-04    2.13e-04      9.33e-03    9.01e-03    2.7e-07
  41200      1.16e-02    1.23e-02      3.21e-04    4.12e-04      9.28e-03    9.25e-03    2.7e-07
  41300      1.25e-02    1.11e-02      4.35e-04    2.71e-04      9.25e-03    9.04e-03    2.7e-07
  41400      1.18e-02    1.14e-02      3.67e-04    3.09e-04      9.05e-03    9.16e-03    2.7e-07
  41500      1.35e-02    1.39e-02      5.43e-04    5.71e-04      9.21e-03    9.32e-03    2.7e-07
  41600      1.86e-02    1.45e-02      9.74e-04    6.14e-04      9.10e-03    9.48e-03    2.7e-07
  41700      1.29e-02    1.14e-02      4.49e-04    2.94e-04      9.50e-03    9.20e-03    2.7e-07
  41800      1.35e-02    1.18e-02      5.15e-04    3.49e-04      9.52e-03    9.23e-03    2.7e-07
  41900      1.22e-02    1.26e-02      4.00e-04    4.41e-04      9.23e-03    9.24e-03    2.7e-07
  42000      1.20e-02    1.21e-02      3.87e-04    4.17e-04      9.14e-03    8.97e-03    2.7e-07
  42100      1.23e-02    1.12e-02      4.23e-04    2.67e-04      9.16e-03    9.22e-03    2.7e-07
  42200      1.23e-02    1.25e-02      3.96e-04    4.11e-04      9.33e-03    9.43e-03    2.7e-07
  42300      1.33e-02    1.19e-02      5.01e-04    3.28e-04      9.48e-03    9.45e-03    2.7e-07
  42400      1.35e-02    1.12e-02      5.11e-04    2.59e-04      9.59e-03    9.24e-03    2.7e-07
  42500      1.13e-02    1.38e-02      2.67e-04    5.64e-04      9.30e-03    9.27e-03    2.7e-07
  42600      1.51e-02    1.40e-02      6.71e-04    5.88e-04      9.42e-03    9.28e-03    2.7e-07
  42700      1.24e-02    1.14e-02      4.06e-04    2.94e-04      9.42e-03    9.22e-03    2.7e-07
  42800      1.23e-02    1.28e-02      4.22e-04    4.63e-04      9.13e-03    9.24e-03    2.7e-07
  42900      1.18e-02    1.15e-02      3.52e-04    3.02e-04      9.24e-03    9.22e-03    2.7e-07
  43000      1.12e-02    1.21e-02      2.59e-04    3.69e-04      9.28e-03    9.34e-03    2.7e-07
  43100      1.32e-02    1.34e-02      5.15e-04    5.42e-04      9.23e-03    9.11e-03    2.7e-07
  43200      1.22e-02    1.12e-02      3.92e-04    3.06e-04      9.30e-03    8.98e-03    2.7e-07
  43300      1.15e-02    1.11e-02      3.33e-04    2.46e-04      9.04e-03    9.19e-03    2.7e-07
  43400      1.26e-02    1.18e-02      4.63e-04    3.25e-04      9.10e-03    9.38e-03    2.7e-07
  43500      1.21e-02    1.85e-02      3.64e-04    9.63e-04      9.46e-03    9.30e-03    2.7e-07
  43600      1.32e-02    1.69e-02      4.96e-04    8.36e-04      9.40e-03    9.32e-03    2.7e-07
  43700      1.16e-02    1.30e-02      2.99e-04    4.64e-04      9.38e-03    9.53e-03    2.7e-07
  43800      1.30e-02    1.95e-02      4.64e-04    1.03e-03      9.51e-03    9.37e-03    2.7e-07
  43900      1.14e-02    1.16e-02      2.78e-04    3.10e-04      9.29e-03    9.29e-03    2.7e-07
  44000      1.26e-02    1.23e-02      4.44e-04    4.26e-04      9.29e-03    9.13e-03    2.7e-07
  44100      1.15e-02    1.28e-02      3.39e-04    4.54e-04      9.02e-03    9.43e-03    2.7e-07
  44200      1.31e-02    1.81e-02      5.01e-04    9.22e-04      9.27e-03    9.40e-03    2.7e-07
  44300      1.22e-02    1.08e-02      3.90e-04    2.16e-04      9.32e-03    9.10e-03    2.7e-07
  44400      1.89e-02    1.16e-02      9.92e-04    2.87e-04      9.20e-03    9.43e-03    2.7e-07
  44500      1.30e-02    1.45e-02      4.77e-04    6.16e-04      9.36e-03    9.47e-03    2.7e-07
  44600      1.25e-02    1.18e-02      4.27e-04    3.72e-04      9.34e-03    9.04e-03    2.7e-07
  44700      1.17e-02    1.21e-02      3.19e-04    3.83e-04      9.31e-03    9.30e-03    2.7e-07
  44800      1.17e-02    1.15e-02      3.63e-04    2.85e-04      9.00e-03    9.38e-03    2.7e-07
  44900      1.23e-02    1.52e-02      3.99e-04    6.88e-04      9.37e-03    9.35e-03    2.7e-07
  45000      1.08e-02    1.21e-02      3.29e-04    4.61e-04      9.07e-03    9.19e-03    9.8e-08
  45100      1.30e-02    1.28e-02      5.48e-04    4.98e-04      9.24e-03    9.59e-03    9.8e-08
  45200      1.34e-02    1.46e-02      5.89e-04    6.80e-04      9.16e-03    9.33e-03    9.8e-08
  45300      1.06e-02    1.09e-02      3.06e-04    3.14e-04      9.04e-03    9.27e-03    9.8e-08
  45400      1.34e-02    1.41e-02      5.75e-04    6.30e-04      9.43e-03    9.51e-03    9.8e-08
  45500      1.07e-02    1.24e-02      2.90e-04    4.71e-04      9.27e-03    9.41e-03    9.8e-08
  45600      1.06e-02    1.13e-02      2.50e-04    3.57e-04      9.42e-03    9.30e-03    9.8e-08
  45700      1.33e-02    1.14e-02      5.63e-04    3.74e-04      9.37e-03    9.33e-03    9.8e-08
  45800      1.21e-02    1.53e-02      4.82e-04    7.44e-04      8.98e-03    9.26e-03    9.8e-08
  45900      1.15e-02    1.12e-02      3.99e-04    3.16e-04      9.14e-03    9.55e-03    9.8e-08
  46000      1.09e-02    1.03e-02      3.04e-04    2.03e-04      9.31e-03    9.30e-03    9.8e-08
  46100      1.28e-02    1.83e-02      5.04e-04    9.79e-04      9.48e-03    9.22e-03    9.8e-08
  46200      1.12e-02    1.09e-02      3.77e-04    3.03e-04      9.08e-03    9.33e-03    9.8e-08
  46300      1.12e-02    1.28e-02      3.39e-04    5.19e-04      9.33e-03    9.39e-03    9.8e-08
  46400      1.08e-02    1.17e-02      2.85e-04    3.94e-04      9.38e-03    9.39e-03    9.8e-08
  46500      1.23e-02    1.18e-02      4.75e-04    4.27e-04      9.28e-03    9.22e-03    9.8e-08
  46600      1.23e-02    1.07e-02      4.62e-04    2.42e-04      9.42e-03    9.52e-03    9.8e-08
  46700      1.16e-02    1.25e-02      3.94e-04    4.91e-04      9.35e-03    9.31e-03    9.8e-08
  46800      1.06e-02    1.12e-02      2.52e-04    3.32e-04      9.34e-03    9.43e-03    9.8e-08
  46900      1.07e-02    1.01e-02      3.11e-04    1.95e-04      9.07e-03    9.21e-03    9.8e-08
  47000      1.09e-02    1.05e-02      3.11e-04    2.98e-04      9.29e-03    8.98e-03    9.8e-08
  47100      1.09e-02    1.21e-02      3.05e-04    4.34e-04      9.32e-03    9.49e-03    9.8e-08
  47200      1.40e-02    1.39e-02      6.24e-04    6.20e-04      9.45e-03    9.44e-03    9.8e-08
  47300      1.21e-02    1.11e-02      4.47e-04    2.92e-04      9.41e-03    9.63e-03    9.8e-08
  47400      1.11e-02    1.14e-02      3.53e-04    3.78e-04      9.11e-03    9.26e-03    9.8e-08
  47500      1.39e-02    1.20e-02      6.30e-04    4.39e-04      9.18e-03    9.32e-03    9.8e-08
  47600      1.14e-02    1.11e-02      3.40e-04    3.62e-04      9.58e-03    9.02e-03    9.8e-08
  47700      1.35e-02    1.21e-02      5.83e-04    4.50e-04      9.34e-03    9.33e-03    9.8e-08
  47800      1.41e-02    1.18e-02      6.35e-04    4.02e-04      9.39e-03    9.47e-03    9.8e-08
  47900      1.17e-02    1.25e-02      3.93e-04    4.65e-04      9.40e-03    9.61e-03    9.8e-08
  48000      1.16e-02    1.11e-02      3.78e-04    3.41e-04      9.44e-03    9.22e-03    9.8e-08
  48100      1.23e-02    1.11e-02      4.89e-04    3.40e-04      9.17e-03    9.25e-03    9.8e-08
  48200      1.04e-02    1.18e-02      2.32e-04    3.96e-04      9.28e-03    9.54e-03    9.8e-08
  48300      1.16e-02    1.55e-02      4.15e-04    7.29e-04      9.10e-03    9.82e-03    9.8e-08
  48400      1.11e-02    1.08e-02      3.59e-04    2.48e-04      9.10e-03    9.60e-03    9.8e-08
  48500      1.17e-02    1.14e-02      4.33e-04    3.70e-04      9.07e-03    9.34e-03    9.8e-08
  48600      1.10e-02    1.29e-02      3.53e-04    5.17e-04      9.09e-03    9.44e-03    9.8e-08
  48700      1.06e-02    1.06e-02      3.03e-04    2.65e-04      9.03e-03    9.34e-03    9.8e-08
  48800      1.10e-02    1.05e-02      3.22e-04    2.66e-04      9.33e-03    9.13e-03    9.8e-08
  48900      1.14e-02    1.02e-02      3.58e-04    2.02e-04      9.41e-03    9.20e-03    9.8e-08
  49000      1.08e-02    1.17e-02      2.99e-04    4.02e-04      9.30e-03    9.36e-03    9.8e-08
  49100      1.09e-02    1.07e-02      3.05e-04    3.19e-04      9.37e-03    9.03e-03    9.8e-08
  49200      1.11e-02    1.92e-02      3.46e-04    1.04e-03      9.24e-03    9.35e-03    9.8e-08
  49300      1.88e-02    1.15e-02      1.01e-03    3.90e-04      9.38e-03    9.23e-03    9.8e-08
  49400      1.15e-02    1.17e-02      3.91e-04    4.18e-04      9.26e-03    9.22e-03    9.8e-08
  49500      1.05e-02    1.14e-02      2.66e-04    3.79e-04      9.17e-03    9.21e-03    9.8e-08
  49600      1.15e-02    1.04e-02      3.94e-04    2.72e-04      9.26e-03    8.99e-03    9.8e-08
  49700      1.22e-02    1.11e-02      4.74e-04    3.09e-04      9.22e-03    9.48e-03    9.8e-08
  49800      1.11e-02    1.04e-02      3.24e-04    2.79e-04      9.36e-03    9.02e-03    9.8e-08
  49900      1.12e-02    1.11e-02      3.53e-04    3.56e-04      9.24e-03    9.15e-03    9.8e-08
  50000      1.38e-02    1.02e-02      6.34e-04    2.39e-04      9.27e-03    9.32e-03    3.5e-08
